// Jest Snapshot v1, https://goo.gl/fbAQLP

exports[`jest snapshots 1`] = `
<div>
  
    
      
        
  <div
    id="slider"
  >
    <div
      class="slider__wrapper"
    >
      
      
      <div
        class="slider__inner"
        data-testid="slider-one"
      >
        
        
        <div
          class="slider__scale"
        >
          
          
          <div
            class="slider__bar"
            style="margin-right:0%"
          />
          
        
        </div>
        
        
        <div
          class="slider__toggle slider__toggle_maximum"
          style="left:100%"
        />
        
      
        <div
          class="slider__list"
        >
          
          
          <div
            class="slider__item"
            data-testid="scale-horizontal"
          >
            |
            
            <span
              class="slider__item_centered slider__item_minimum"
            >
              0
            </span>
            
          
          </div>
          
        
          <div
            class="slider__item"
            style="left: 5%;"
          >
            |
          </div>
          <div
            class="slider__item"
            style="left: 10%;"
          >
            |
          </div>
          <div
            class="slider__item"
            style="left: 15%;"
          >
            |
          </div>
          <div
            class="slider__item"
            style="left: 20%;"
          >
            |
          </div>
          <div
            class="slider__item"
            style="left: 25%;"
          >
            |
          </div>
          <div
            class="slider__item"
            style="left: 30%;"
          >
            |
          </div>
          <div
            class="slider__item"
            style="left: 35%;"
          >
            |
          </div>
          <div
            class="slider__item"
            style="left: 40%;"
          >
            |
          </div>
          <div
            class="slider__item"
            style="left: 45%;"
          >
            |
          </div>
          <div
            class="slider__item"
            style="left: 50%;"
          >
            |
          </div>
          <div
            class="slider__item"
            style="left: 55%;"
          >
            |
          </div>
          <div
            class="slider__item"
            style="left: 60%;"
          >
            |
          </div>
          <div
            class="slider__item"
            style="left: 65%;"
          >
            |
          </div>
          <div
            class="slider__item"
            style="left: 70%;"
          >
            |
          </div>
          <div
            class="slider__item"
            style="left: 75%;"
          >
            |
          </div>
          <div
            class="slider__item"
            style="left: 80%;"
          >
            |
          </div>
          <div
            class="slider__item"
            style="left: 85%;"
          >
            |
          </div>
          <div
            class="slider__item"
            style="left: 90%;"
          >
            |
          </div>
          <div
            class="slider__item"
            style="left: 95%;"
          >
            |
          </div>
          <div
            class="slider__item"
            style="display: none;"
          >
            |
          </div>
          <div
            class="slider__item"
            style="display: none;"
          >
            |
          </div>
          <div
            class="slider__item"
            style="display: none;"
          >
            |
          </div>
          <div
            class="slider__item"
            style="display: none;"
          >
            |
          </div>
          <div
            class="slider__item"
            style="display: none;"
          >
            |
          </div>
          <div
            class="slider__item"
            style="display: none;"
          >
            |
          </div>
          <div
            class="slider__item"
            style="display: none;"
          >
            |
          </div>
          <div
            class="slider__item"
            style="display: none;"
          >
            |
          </div>
          <div
            class="slider__item"
            style="display: none;"
          >
            |
          </div>
          <div
            class="slider__item"
            style="display: none;"
          >
            |
          </div>
          <div
            class="slider__item"
            style="display: none;"
          >
            |
          </div>
          <div
            class="slider__item"
            style="display: none;"
          >
            |
          </div>
          <div
            class="slider__item"
            style="display: none;"
          >
            |
          </div>
          <div
            class="slider__item"
            style="display: none;"
          >
            |
          </div>
          <div
            class="slider__item"
            style="display: none;"
          >
            |
          </div>
          <div
            class="slider__item"
            style="display: none;"
          >
            |
          </div>
          <div
            class="slider__item"
            style="display: none;"
          >
            |
          </div>
          <div
            class="slider__item"
            style="display: none;"
          >
            |
          </div>
          <div
            class="slider__item"
            style="display: none;"
          >
            |
          </div>
          <div
            class="slider__item"
            style="display: none;"
          >
            |
          </div>
          <div
            class="slider__item"
            style="display: none;"
          >
            |
          </div>
          <div
            class="slider__item"
            style="display: none;"
          >
            |
          </div>
          <div
            class="slider__item"
            style="display: none;"
          >
            |
          </div>
          <div
            class="slider__item"
            style="display: none;"
          >
            |
          </div>
          <div
            class="slider__item"
            style="display: none;"
          >
            |
          </div>
          <div
            class="slider__item"
            style="display: none;"
          >
            |
          </div>
          <div
            class="slider__item"
            style="display: none;"
          >
            |
          </div>
          <div
            class="slider__item"
            style="display: none;"
          >
            |
          </div>
          <div
            class="slider__item"
            style="display: none;"
          >
            |
          </div>
          <div
            class="slider__item"
            style="display: none;"
          >
            |
          </div>
          <div
            class="slider__item"
            style="display: none;"
          >
            |
          </div>
          <div
            class="slider__item"
            style="display: none;"
          >
            |
          </div>
          <div
            class="slider__item"
            style="display: none;"
          >
            |
          </div>
          <div
            class="slider__item"
            style="display: none;"
          >
            |
          </div>
          <div
            class="slider__item"
            style="display: none;"
          >
            |
          </div>
          <div
            class="slider__item"
            style="display: none;"
          >
            |
          </div>
          <div
            class="slider__item"
            style="display: none;"
          >
            |
          </div>
          <div
            class="slider__item"
            style="display: none;"
          >
            |
          </div>
          <div
            class="slider__item"
            style="display: none;"
          >
            |
          </div>
          <div
            class="slider__item"
            style="display: none;"
          >
            |
          </div>
          <div
            class="slider__item"
            style="display: none;"
          >
            |
          </div>
          <div
            class="slider__item"
            style="display: none;"
          >
            |
          </div>
          <div
            class="slider__item"
            style="display: none;"
          >
            |
          </div>
          <div
            class="slider__item"
            style="display: none;"
          >
            |
          </div>
          <div
            class="slider__item"
            style="display: none;"
          >
            |
          </div>
          <div
            class="slider__item"
            style="display: none;"
          >
            |
          </div>
          <div
            class="slider__item"
            style="display: none;"
          >
            |
          </div>
          <div
            class="slider__item"
            style="display: none;"
          >
            |
          </div>
          <div
            class="slider__item"
            style="display: none;"
          >
            |
          </div>
          <div
            class="slider__item"
            style="display: none;"
          >
            |
          </div>
          <div
            class="slider__item"
            style="display: none;"
          >
            |
          </div>
          <div
            class="slider__item"
            style="display: none;"
          >
            |
          </div>
          <div
            class="slider__item"
            style="display: none;"
          >
            |
          </div>
          <div
            class="slider__item"
            style="display: none;"
          >
            |
          </div>
          <div
            class="slider__item"
            style="display: none;"
          >
            |
          </div>
          <div
            class="slider__item"
            style="display: none;"
          >
            |
          </div>
          <div
            class="slider__item"
            style="display: none;"
          >
            |
          </div>
          <div
            class="slider__item"
            style="display: none;"
          >
            |
          </div>
          <div
            class="slider__item"
            style="display: none;"
          >
            |
          </div>
          <div
            class="slider__item"
            style="display: none;"
          >
            |
          </div>
          <div
            class="slider__item"
            style="display: none;"
          >
            |
          </div>
          <div
            class="slider__item"
            style="display: none;"
          >
            |
          </div>
          <div
            class="slider__item"
            style="display: none;"
          >
            |
          </div>
          <div
            class="slider__item"
            style="display: none;"
          >
            |
          </div>
          <div
            class="slider__item"
            style="display: none;"
          >
            |
          </div>
          <div
            class="slider__item"
            style="display: none;"
          >
            |
          </div>
          <div
            class="slider__item"
            style="display: none;"
          >
            |
          </div>
          <div
            class="slider__item"
            style="display: none;"
          >
            |
          </div>
          <div
            class="slider__item"
            style="display: none;"
          >
            |
          </div>
          <div
            class="slider__item"
            style="display: none;"
          >
            |
          </div>
          <div
            class="slider__item"
            style="display: none;"
          >
            |
          </div>
          <div
            class="slider__item"
            style="display: none;"
          >
            |
          </div>
          <div
            class="slider__item"
            style="display: none;"
          >
            |
          </div>
          <div
            class="slider__item"
            style="display: none;"
          >
            |
          </div>
          <div
            class="slider__item"
            style="display: none;"
          >
            |
          </div>
          <div
            class="slider__item"
            style="display: none;"
          >
            |
          </div>
          <div
            class="slider__item"
            style="display: none;"
          >
            |
          </div>
          <div
            class="slider__item"
            style="display: none;"
          >
            |
          </div>
          <div
            class="slider__item"
            style="display: none;"
          >
            |
          </div>
          <div
            class="slider__item"
            style="display: none;"
          >
            |
          </div>
          
          
          <div
            class="slider__item"
          >
            |
            
            <span
              class="slider__item_centered slider__item_maximum"
            >
              100
            </span>
            
          
          </div>
          
        
        </div>
        <div
          class="slider__flags"
        >
          
      
          <span
            class="slider__flag slider__flag_maximum"
            data-testid="flag-horizontal"
            style="left:100%"
          >
            100
          </span>
          
    
        </div>
      </div>
      
    
      <div
        class="slider__inputs"
      >
        
      
        <div
          class="slider__input"
          data-testid="configuring-one"
        >
          
        
          <label
            class="slider__label"
            for="min"
          >
            Минимальное значение
          </label>
          
        
          <br />
          
        
          <input
            class="slider__min slider__number"
            data-name="min"
            id="min"
            type="number"
            value="0"
          />
          
      
        </div>
        
      
        <div
          class="slider__input"
        >
          
        
          <label
            class="slider__label"
            for="max"
          >
            Максимальное значение
          </label>
          
        
          <br />
          
        
          <input
            class="slider__max slider__number"
            data-name="max"
            id="max"
            type="number"
            value="100"
          />
          
      
        </div>
        
      
        <div
          class="slider__input"
        >
          
        
          <label
            class="slider__label"
            for="to"
          >
            Текущее значение
          </label>
          
        
          <br />
          
        
          <input
            class="slider__to slider__number"
            data-name="to"
            id="to"
            readonly=""
            type="number"
            value="100"
          />
          
      
        </div>
        
      
        <div
          class="slider__input"
        >
          
        
          <label
            class="slider__label"
            for="step"
          >
            Шаг
          </label>
          
        
          <br />
          
        
          <input
            class="slider__step slider__number"
            data-name="step"
            id="step"
            type="number"
            value="1"
          />
          
      
        </div>
        
      
        <div
          class="slider__input"
        >
          
        
          <input
            checked=""
            class="slider__view"
            data-name="view"
            id="horizontal#slider"
            name="view#slider"
            type="radio"
            value="horizontal"
          />
          
        
          <label
            for="horizontal#slider"
          >
            Горизонтальный
          </label>
          
        
          <input
            class="slider__view"
            data-name="view"
            id="vertical#slider"
            name="view#slider"
            type="radio"
            value="vertical"
          />
          
        
          <label
            for="vertical#slider"
          >
            Вертикальный
          </label>
          
      
        </div>
        
      
        <div
          class="slider__input"
        >
          
        
          <input
            checked=""
            class="slider__range"
            data-name="range"
            id="one#slider"
            name="range#slider"
            type="radio"
            value="one"
          />
          
        
          <label
            for="one#slider"
          >
            Одиночное значение
          </label>
          
        
          <input
            class="slider__range"
            data-name="range"
            id="range#slider"
            name="range#slider"
            type="radio"
            value="range"
          />
          
        
          <label
            for="range#slider"
          >
            Интервал
          </label>
          
      
        </div>
        
      
        <div
          class="slider__input"
        >
          
        
          <input
            checked=""
            class="slider__flag-checkbox"
            data-name="flag"
            id="flag#slider"
            type="checkbox"
          />
          
        
          <label
            for="flag#slider"
          >
            Значение
          </label>
          
      
        </div>
        
      
        <div
          class="slider__input"
        >
          
        
          <input
            checked=""
            class="slider__scale-checkbox"
            data-name="scale"
            id="scale#slider"
            type="checkbox"
          />
          
        
          <label
            for="scale#slider"
          >
            Шкала
          </label>
          
      
        </div>
        
    
      </div>
    </div>
  </div>
  
        
  <div
    id="slider11"
  >
    <div
      class="slider__wrapper"
    >
      
      
      <div
        class="slider__inner"
        data-testid="slider-range"
      >
        
        
        <div
          class="slider__scale"
        >
          
          
          <div
            class="slider__bar"
            style="margin-left:0%;margin-right:0%"
          />
          
        
        </div>
        
        
        <div
          class="slider__toggle slider__toggle_minimum"
          style="left:0%"
        />
        
        
        <div
          class="slider__toggle slider__toggle_maximum"
          style="left:100%"
        />
        
      
        <div
          class="slider__list"
        >
          
          
          <div
            class="slider__item"
            data-testid="scale-horizontal"
          >
            |
            
            <span
              class="slider__item_centered slider__item_minimum"
            >
              28
            </span>
            
          
          </div>
          
        
          <div
            class="slider__item"
            style="left: 8.333333333333334%;"
          >
            |
          </div>
          <div
            class="slider__item"
            style="left: 16.666666666666668%;"
          >
            |
          </div>
          <div
            class="slider__item"
            style="left: 25%;"
          >
            |
          </div>
          <div
            class="slider__item"
            style="left: 33.333333333333336%;"
          >
            |
          </div>
          <div
            class="slider__item"
            style="left: 41.66666666666667%;"
          >
            |
          </div>
          <div
            class="slider__item"
            style="left: 50.00000000000001%;"
          >
            |
          </div>
          <div
            class="slider__item"
            style="left: 58.33333333333334%;"
          >
            |
          </div>
          <div
            class="slider__item"
            style="left: 66.66666666666667%;"
          >
            |
          </div>
          <div
            class="slider__item"
            style="left: 75%;"
          >
            |
          </div>
          <div
            class="slider__item"
            style="left: 83.33333333333333%;"
          >
            |
          </div>
          <div
            class="slider__item"
            style="left: 91.66666666666666%;"
          >
            |
          </div>
          
          
          <div
            class="slider__item"
          >
            |
            
            <span
              class="slider__item_centered slider__item_maximum"
            >
              148
            </span>
            
          
          </div>
          
        
        </div>
        <div
          class="slider__flags"
        >
          
    
          <span
            class="slider__flag slider__flag_minimum"
            style="left:0%"
          >
            28
          </span>
          
    
          <span
            class="slider__flag slider__flag_maximum"
            data-testid="flag-horizontal-range"
            style="left:100%"
          >
            148
          </span>
          
    
        </div>
      </div>
      
    
      <div
        class="slider__inputs"
      >
        
      
        <div
          class="slider__input"
          data-testid="configuring-range"
        >
          
        
          <label
            class="slider__label"
            for="min"
          >
            Минимальное значение
          </label>
          
        
          <br />
          
        
          <input
            class="slider__min slider__number"
            data-name="min"
            id="min"
            type="number"
            value="28"
          />
          
      
        </div>
        
      
        <div
          class="slider__input"
        >
          
        
          <label
            class="slider__label"
            for="max"
          >
            Максимальное значение
          </label>
          
        
          <br />
          
        
          <input
            class="slider__max slider__number"
            data-name="max"
            id="max"
            type="number"
            value="148"
          />
          
      
        </div>
        
      
        <div
          class="slider__input"
        >
          
        
          <label
            class="slider__label"
            for="from"
          >
            От
          </label>
          
        
          <br />
          
        
          <input
            class="slider__from slider__number"
            data-name="from"
            id="from"
            readonly=""
            type="number"
            value="28"
          />
          
      
        </div>
        
      
        <div
          class="slider__input"
        >
          
        
          <label
            class="slider__label"
            for="to"
          >
            До
          </label>
          
        
          <br />
          
        
          <input
            class="slider__to slider__number"
            data-name="to"
            id="to"
            readonly=""
            type="number"
            value="148"
          />
          
      
        </div>
        
      
        <div
          class="slider__input"
        >
          
        
          <label
            class="slider__label"
            for="step"
          >
            Шаг
          </label>
          
        
          <br />
          
        
          <input
            class="slider__step slider__number"
            data-name="step"
            id="step"
            type="number"
            value="10"
          />
          
      
        </div>
        
      
        <div
          class="slider__input"
        >
          
        
          <input
            checked=""
            class="slider__view"
            data-name="view"
            id="horizontal#slider11"
            name="view#slider11"
            type="radio"
            value="horizontal"
          />
          
        
          <label
            for="horizontal#slider11"
          >
            Горизонтальный
          </label>
          
        
          <input
            class="slider__view"
            data-name="view"
            id="vertical#slider11"
            name="view#slider11"
            type="radio"
            value="vertical"
          />
          
        
          <label
            for="vertical#slider11"
          >
            Вертикальный
          </label>
          
      
        </div>
        
      
        <div
          class="slider__input"
        >
          
        
          <input
            class="slider__range"
            data-name="range"
            id="one#slider11"
            name="range#slider11"
            type="radio"
            value="one"
          />
          
        
          <label
            for="one#slider11"
          >
            Одиночное значение
          </label>
          
        
          <input
            checked=""
            class="slider__range"
            data-name="range"
            id="range#slider11"
            name="range#slider11"
            type="radio"
            value="range"
          />
          
        
          <label
            for="range#slider11"
          >
            Интервал
          </label>
          
      
        </div>
        
      
        <div
          class="slider__input"
        >
          
        
          <input
            checked=""
            class="slider__flag-checkbox"
            data-name="flag"
            id="flag#slider11"
            type="checkbox"
          />
          
        
          <label
            for="flag#slider11"
          >
            Значение
          </label>
          
      
        </div>
        
      
        <div
          class="slider__input"
        >
          
        
          <input
            checked=""
            class="slider__scale-checkbox"
            data-name="scale"
            id="scale#slider11"
            type="checkbox"
          />
          
        
          <label
            for="scale#slider11"
          >
            Шкала
          </label>
          
      
        </div>
        
    
      </div>
    </div>
  </div>
  
        
  <div
    class="sim"
  >
    <div
      class="slider__wrapper"
    >
      
      
      <div
        class="slider__inner slider__inner_with-height"
        data-testid="slider-vertical-one"
      >
        
        
        <div
          class="slider__scale slider__scale_with-height"
        >
          
          
          <div
            class="slider__bar slider__bar_with-width"
            style="height:100%"
          />
          
        
        </div>
        
        
        <div
          class="slider__toggle slider__toggle_vertical-maximum"
          style="top:100%"
        />
        
      
        <div
          class="slider__list slider__list_transformed"
        >
          
          
          <div
            class="slider__item"
            data-testid="scale-vertical"
          >
            |
            
            <span
              class="slider__item_centered slider__item_minimum slider__item_transformed"
            >
              0
            </span>
            
          
          </div>
          
        
          <div
            class="slider__item"
            style="left: 5%;"
          >
            |
          </div>
          <div
            class="slider__item"
            style="left: 10%;"
          >
            |
          </div>
          <div
            class="slider__item"
            style="left: 15%;"
          >
            |
          </div>
          <div
            class="slider__item"
            style="left: 20%;"
          >
            |
          </div>
          <div
            class="slider__item"
            style="left: 25%;"
          >
            |
          </div>
          <div
            class="slider__item"
            style="left: 30%;"
          >
            |
          </div>
          <div
            class="slider__item"
            style="left: 35%;"
          >
            |
          </div>
          <div
            class="slider__item"
            style="left: 40%;"
          >
            |
          </div>
          <div
            class="slider__item"
            style="left: 45%;"
          >
            |
          </div>
          <div
            class="slider__item"
            style="left: 50%;"
          >
            |
          </div>
          <div
            class="slider__item"
            style="left: 55%;"
          >
            |
          </div>
          <div
            class="slider__item"
            style="left: 60%;"
          >
            |
          </div>
          <div
            class="slider__item"
            style="left: 65%;"
          >
            |
          </div>
          <div
            class="slider__item"
            style="left: 70%;"
          >
            |
          </div>
          <div
            class="slider__item"
            style="left: 75%;"
          >
            |
          </div>
          <div
            class="slider__item"
            style="left: 80%;"
          >
            |
          </div>
          <div
            class="slider__item"
            style="left: 85%;"
          >
            |
          </div>
          <div
            class="slider__item"
            style="left: 90%;"
          >
            |
          </div>
          <div
            class="slider__item"
            style="left: 95%;"
          >
            |
          </div>
          <div
            class="slider__item"
            style="display: none;"
          >
            |
          </div>
          <div
            class="slider__item"
            style="display: none;"
          >
            |
          </div>
          <div
            class="slider__item"
            style="display: none;"
          >
            |
          </div>
          <div
            class="slider__item"
            style="display: none;"
          >
            |
          </div>
          <div
            class="slider__item"
            style="display: none;"
          >
            |
          </div>
          <div
            class="slider__item"
            style="display: none;"
          >
            |
          </div>
          <div
            class="slider__item"
            style="display: none;"
          >
            |
          </div>
          <div
            class="slider__item"
            style="display: none;"
          >
            |
          </div>
          <div
            class="slider__item"
            style="display: none;"
          >
            |
          </div>
          <div
            class="slider__item"
            style="display: none;"
          >
            |
          </div>
          <div
            class="slider__item"
            style="display: none;"
          >
            |
          </div>
          <div
            class="slider__item"
            style="display: none;"
          >
            |
          </div>
          <div
            class="slider__item"
            style="display: none;"
          >
            |
          </div>
          <div
            class="slider__item"
            style="display: none;"
          >
            |
          </div>
          <div
            class="slider__item"
            style="display: none;"
          >
            |
          </div>
          <div
            class="slider__item"
            style="display: none;"
          >
            |
          </div>
          <div
            class="slider__item"
            style="display: none;"
          >
            |
          </div>
          <div
            class="slider__item"
            style="display: none;"
          >
            |
          </div>
          <div
            class="slider__item"
            style="display: none;"
          >
            |
          </div>
          <div
            class="slider__item"
            style="display: none;"
          >
            |
          </div>
          <div
            class="slider__item"
            style="display: none;"
          >
            |
          </div>
          <div
            class="slider__item"
            style="display: none;"
          >
            |
          </div>
          <div
            class="slider__item"
            style="display: none;"
          >
            |
          </div>
          <div
            class="slider__item"
            style="display: none;"
          >
            |
          </div>
          <div
            class="slider__item"
            style="display: none;"
          >
            |
          </div>
          <div
            class="slider__item"
            style="display: none;"
          >
            |
          </div>
          <div
            class="slider__item"
            style="display: none;"
          >
            |
          </div>
          <div
            class="slider__item"
            style="display: none;"
          >
            |
          </div>
          <div
            class="slider__item"
            style="display: none;"
          >
            |
          </div>
          <div
            class="slider__item"
            style="display: none;"
          >
            |
          </div>
          <div
            class="slider__item"
            style="display: none;"
          >
            |
          </div>
          <div
            class="slider__item"
            style="display: none;"
          >
            |
          </div>
          <div
            class="slider__item"
            style="display: none;"
          >
            |
          </div>
          <div
            class="slider__item"
            style="display: none;"
          >
            |
          </div>
          <div
            class="slider__item"
            style="display: none;"
          >
            |
          </div>
          <div
            class="slider__item"
            style="display: none;"
          >
            |
          </div>
          <div
            class="slider__item"
            style="display: none;"
          >
            |
          </div>
          <div
            class="slider__item"
            style="display: none;"
          >
            |
          </div>
          <div
            class="slider__item"
            style="display: none;"
          >
            |
          </div>
          <div
            class="slider__item"
            style="display: none;"
          >
            |
          </div>
          <div
            class="slider__item"
            style="display: none;"
          >
            |
          </div>
          <div
            class="slider__item"
            style="display: none;"
          >
            |
          </div>
          <div
            class="slider__item"
            style="display: none;"
          >
            |
          </div>
          <div
            class="slider__item"
            style="display: none;"
          >
            |
          </div>
          <div
            class="slider__item"
            style="display: none;"
          >
            |
          </div>
          <div
            class="slider__item"
            style="display: none;"
          >
            |
          </div>
          <div
            class="slider__item"
            style="display: none;"
          >
            |
          </div>
          <div
            class="slider__item"
            style="display: none;"
          >
            |
          </div>
          <div
            class="slider__item"
            style="display: none;"
          >
            |
          </div>
          <div
            class="slider__item"
            style="display: none;"
          >
            |
          </div>
          <div
            class="slider__item"
            style="display: none;"
          >
            |
          </div>
          <div
            class="slider__item"
            style="display: none;"
          >
            |
          </div>
          <div
            class="slider__item"
            style="display: none;"
          >
            |
          </div>
          <div
            class="slider__item"
            style="display: none;"
          >
            |
          </div>
          <div
            class="slider__item"
            style="display: none;"
          >
            |
          </div>
          <div
            class="slider__item"
            style="display: none;"
          >
            |
          </div>
          <div
            class="slider__item"
            style="display: none;"
          >
            |
          </div>
          <div
            class="slider__item"
            style="display: none;"
          >
            |
          </div>
          <div
            class="slider__item"
            style="display: none;"
          >
            |
          </div>
          <div
            class="slider__item"
            style="display: none;"
          >
            |
          </div>
          <div
            class="slider__item"
            style="display: none;"
          >
            |
          </div>
          <div
            class="slider__item"
            style="display: none;"
          >
            |
          </div>
          <div
            class="slider__item"
            style="display: none;"
          >
            |
          </div>
          <div
            class="slider__item"
            style="display: none;"
          >
            |
          </div>
          <div
            class="slider__item"
            style="display: none;"
          >
            |
          </div>
          <div
            class="slider__item"
            style="display: none;"
          >
            |
          </div>
          <div
            class="slider__item"
            style="display: none;"
          >
            |
          </div>
          <div
            class="slider__item"
            style="display: none;"
          >
            |
          </div>
          <div
            class="slider__item"
            style="display: none;"
          >
            |
          </div>
          <div
            class="slider__item"
            style="display: none;"
          >
            |
          </div>
          <div
            class="slider__item"
            style="display: none;"
          >
            |
          </div>
          <div
            class="slider__item"
            style="display: none;"
          >
            |
          </div>
          <div
            class="slider__item"
            style="display: none;"
          >
            |
          </div>
          <div
            class="slider__item"
            style="display: none;"
          >
            |
          </div>
          <div
            class="slider__item"
            style="display: none;"
          >
            |
          </div>
          <div
            class="slider__item"
            style="display: none;"
          >
            |
          </div>
          <div
            class="slider__item"
            style="display: none;"
          >
            |
          </div>
          <div
            class="slider__item"
            style="display: none;"
          >
            |
          </div>
          <div
            class="slider__item"
            style="display: none;"
          >
            |
          </div>
          <div
            class="slider__item"
            style="display: none;"
          >
            |
          </div>
          
          
          <div
            class="slider__item"
          >
            |
            
            <span
              class="slider__item_centered slider__item_maximum slider__item_transformed"
            >
              100
            </span>
            
          
          </div>
          
        
        </div>
        <div
          class="slider__flags"
        >
          
      
          <span
            class="slider__flag-vertical slider__flag-vertical_maximum"
            data-testid="flag-vertical"
            style="top:100%"
          >
            100
          </span>
          
    
        </div>
      </div>
      
    
      <div
        class="slider__inputs"
      >
        
      
        <div
          class="slider__input"
          data-testid="configuring-one"
        >
          
        
          <label
            class="slider__label"
            for="min"
          >
            Минимальное значение
          </label>
          
        
          <br />
          
        
          <input
            class="slider__min slider__number"
            data-name="min"
            id="min"
            type="number"
            value="0"
          />
          
      
        </div>
        
      
        <div
          class="slider__input"
        >
          
        
          <label
            class="slider__label"
            for="max"
          >
            Максимальное значение
          </label>
          
        
          <br />
          
        
          <input
            class="slider__max slider__number"
            data-name="max"
            id="max"
            type="number"
            value="100"
          />
          
      
        </div>
        
      
        <div
          class="slider__input"
        >
          
        
          <label
            class="slider__label"
            for="to"
          >
            Текущее значение
          </label>
          
        
          <br />
          
        
          <input
            class="slider__to slider__number"
            data-name="to"
            id="to"
            readonly=""
            type="number"
            value="100"
          />
          
      
        </div>
        
      
        <div
          class="slider__input"
        >
          
        
          <label
            class="slider__label"
            for="step"
          >
            Шаг
          </label>
          
        
          <br />
          
        
          <input
            class="slider__step slider__number"
            data-name="step"
            id="step"
            type="number"
            value="1"
          />
          
      
        </div>
        
      
        <div
          class="slider__input"
        >
          
        
          <input
            class="slider__view"
            data-name="view"
            id="horizontal.sim"
            name="view.sim"
            type="radio"
            value="horizontal"
          />
          
        
          <label
            for="horizontal.sim"
          >
            Горизонтальный
          </label>
          
        
          <input
            checked=""
            class="slider__view"
            data-name="view"
            id="vertical.sim"
            name="view.sim"
            type="radio"
            value="vertical"
          />
          
        
          <label
            for="vertical.sim"
          >
            Вертикальный
          </label>
          
      
        </div>
        
      
        <div
          class="slider__input"
        >
          
        
          <input
            checked=""
            class="slider__range"
            data-name="range"
            id="one.sim"
            name="range.sim"
            type="radio"
            value="one"
          />
          
        
          <label
            for="one.sim"
          >
            Одиночное значение
          </label>
          
        
          <input
            class="slider__range"
            data-name="range"
            id="range.sim"
            name="range.sim"
            type="radio"
            value="range"
          />
          
        
          <label
            for="range.sim"
          >
            Интервал
          </label>
          
      
        </div>
        
      
        <div
          class="slider__input"
        >
          
        
          <input
            checked=""
            class="slider__flag-checkbox"
            data-name="flag"
            id="flag.sim"
            type="checkbox"
          />
          
        
          <label
            for="flag.sim"
          >
            Значение
          </label>
          
      
        </div>
        
      
        <div
          class="slider__input"
        >
          
        
          <input
            checked=""
            class="slider__scale-checkbox"
            data-name="scale"
            id="scale.sim"
            type="checkbox"
          />
          
        
          <label
            for="scale.sim"
          >
            Шкала
          </label>
          
      
        </div>
        
    
      </div>
    </div>
  </div>
  
        
  <div
    class="milk"
  >
    <div
      class="slider__wrapper"
    >
      
      
      <div
        class="slider__inner slider__inner_with-height"
        data-testid="slider-vertical-range"
      >
        
        
        <div
          class="slider__scale slider__scale_with-height"
        >
          
          
          <div
            class="slider__bar slider__bar_with-width"
            style="top:0%;height:100%"
          />
          
        
        </div>
        
        
        <div
          class="slider__toggle slider__toggle_vertical-minimum"
          style="top:0%"
        />
        
        
        <div
          class="slider__toggle slider__toggle_vertical-maximum"
          style="top:100%"
        />
        
      
        <div
          class="slider__list slider__list_transformed"
        >
          
          
          <div
            class="slider__item"
            data-testid="scale-vertical"
          >
            |
            
            <span
              class="slider__item_centered slider__item_minimum slider__item_transformed"
            >
              0
            </span>
            
          
          </div>
          
        
          <div
            class="slider__item"
            style="left: 5%;"
          >
            |
          </div>
          <div
            class="slider__item"
            style="left: 10%;"
          >
            |
          </div>
          <div
            class="slider__item"
            style="left: 15%;"
          >
            |
          </div>
          <div
            class="slider__item"
            style="left: 20%;"
          >
            |
          </div>
          <div
            class="slider__item"
            style="left: 25%;"
          >
            |
          </div>
          <div
            class="slider__item"
            style="left: 30%;"
          >
            |
          </div>
          <div
            class="slider__item"
            style="left: 35%;"
          >
            |
          </div>
          <div
            class="slider__item"
            style="left: 40%;"
          >
            |
          </div>
          <div
            class="slider__item"
            style="left: 45%;"
          >
            |
          </div>
          <div
            class="slider__item"
            style="left: 50%;"
          >
            |
          </div>
          <div
            class="slider__item"
            style="left: 55%;"
          >
            |
          </div>
          <div
            class="slider__item"
            style="left: 60%;"
          >
            |
          </div>
          <div
            class="slider__item"
            style="left: 65%;"
          >
            |
          </div>
          <div
            class="slider__item"
            style="left: 70%;"
          >
            |
          </div>
          <div
            class="slider__item"
            style="left: 75%;"
          >
            |
          </div>
          <div
            class="slider__item"
            style="left: 80%;"
          >
            |
          </div>
          <div
            class="slider__item"
            style="left: 85%;"
          >
            |
          </div>
          <div
            class="slider__item"
            style="left: 90%;"
          >
            |
          </div>
          <div
            class="slider__item"
            style="left: 95%;"
          >
            |
          </div>
          <div
            class="slider__item"
            style="display: none;"
          >
            |
          </div>
          <div
            class="slider__item"
            style="display: none;"
          >
            |
          </div>
          <div
            class="slider__item"
            style="display: none;"
          >
            |
          </div>
          <div
            class="slider__item"
            style="display: none;"
          >
            |
          </div>
          <div
            class="slider__item"
            style="display: none;"
          >
            |
          </div>
          <div
            class="slider__item"
            style="display: none;"
          >
            |
          </div>
          <div
            class="slider__item"
            style="display: none;"
          >
            |
          </div>
          <div
            class="slider__item"
            style="display: none;"
          >
            |
          </div>
          <div
            class="slider__item"
            style="display: none;"
          >
            |
          </div>
          <div
            class="slider__item"
            style="display: none;"
          >
            |
          </div>
          <div
            class="slider__item"
            style="display: none;"
          >
            |
          </div>
          <div
            class="slider__item"
            style="display: none;"
          >
            |
          </div>
          <div
            class="slider__item"
            style="display: none;"
          >
            |
          </div>
          <div
            class="slider__item"
            style="display: none;"
          >
            |
          </div>
          <div
            class="slider__item"
            style="display: none;"
          >
            |
          </div>
          <div
            class="slider__item"
            style="display: none;"
          >
            |
          </div>
          <div
            class="slider__item"
            style="display: none;"
          >
            |
          </div>
          <div
            class="slider__item"
            style="display: none;"
          >
            |
          </div>
          <div
            class="slider__item"
            style="display: none;"
          >
            |
          </div>
          <div
            class="slider__item"
            style="display: none;"
          >
            |
          </div>
          <div
            class="slider__item"
            style="display: none;"
          >
            |
          </div>
          <div
            class="slider__item"
            style="display: none;"
          >
            |
          </div>
          <div
            class="slider__item"
            style="display: none;"
          >
            |
          </div>
          <div
            class="slider__item"
            style="display: none;"
          >
            |
          </div>
          <div
            class="slider__item"
            style="display: none;"
          >
            |
          </div>
          <div
            class="slider__item"
            style="display: none;"
          >
            |
          </div>
          <div
            class="slider__item"
            style="display: none;"
          >
            |
          </div>
          <div
            class="slider__item"
            style="display: none;"
          >
            |
          </div>
          <div
            class="slider__item"
            style="display: none;"
          >
            |
          </div>
          <div
            class="slider__item"
            style="display: none;"
          >
            |
          </div>
          <div
            class="slider__item"
            style="display: none;"
          >
            |
          </div>
          <div
            class="slider__item"
            style="display: none;"
          >
            |
          </div>
          <div
            class="slider__item"
            style="display: none;"
          >
            |
          </div>
          <div
            class="slider__item"
            style="display: none;"
          >
            |
          </div>
          <div
            class="slider__item"
            style="display: none;"
          >
            |
          </div>
          <div
            class="slider__item"
            style="display: none;"
          >
            |
          </div>
          <div
            class="slider__item"
            style="display: none;"
          >
            |
          </div>
          <div
            class="slider__item"
            style="display: none;"
          >
            |
          </div>
          <div
            class="slider__item"
            style="display: none;"
          >
            |
          </div>
          <div
            class="slider__item"
            style="display: none;"
          >
            |
          </div>
          <div
            class="slider__item"
            style="display: none;"
          >
            |
          </div>
          <div
            class="slider__item"
            style="display: none;"
          >
            |
          </div>
          <div
            class="slider__item"
            style="display: none;"
          >
            |
          </div>
          <div
            class="slider__item"
            style="display: none;"
          >
            |
          </div>
          <div
            class="slider__item"
            style="display: none;"
          >
            |
          </div>
          <div
            class="slider__item"
            style="display: none;"
          >
            |
          </div>
          <div
            class="slider__item"
            style="display: none;"
          >
            |
          </div>
          <div
            class="slider__item"
            style="display: none;"
          >
            |
          </div>
          <div
            class="slider__item"
            style="display: none;"
          >
            |
          </div>
          <div
            class="slider__item"
            style="display: none;"
          >
            |
          </div>
          <div
            class="slider__item"
            style="display: none;"
          >
            |
          </div>
          <div
            class="slider__item"
            style="display: none;"
          >
            |
          </div>
          <div
            class="slider__item"
            style="display: none;"
          >
            |
          </div>
          <div
            class="slider__item"
            style="display: none;"
          >
            |
          </div>
          <div
            class="slider__item"
            style="display: none;"
          >
            |
          </div>
          <div
            class="slider__item"
            style="display: none;"
          >
            |
          </div>
          <div
            class="slider__item"
            style="display: none;"
          >
            |
          </div>
          <div
            class="slider__item"
            style="display: none;"
          >
            |
          </div>
          <div
            class="slider__item"
            style="display: none;"
          >
            |
          </div>
          <div
            class="slider__item"
            style="display: none;"
          >
            |
          </div>
          <div
            class="slider__item"
            style="display: none;"
          >
            |
          </div>
          <div
            class="slider__item"
            style="display: none;"
          >
            |
          </div>
          <div
            class="slider__item"
            style="display: none;"
          >
            |
          </div>
          <div
            class="slider__item"
            style="display: none;"
          >
            |
          </div>
          <div
            class="slider__item"
            style="display: none;"
          >
            |
          </div>
          <div
            class="slider__item"
            style="display: none;"
          >
            |
          </div>
          <div
            class="slider__item"
            style="display: none;"
          >
            |
          </div>
          <div
            class="slider__item"
            style="display: none;"
          >
            |
          </div>
          <div
            class="slider__item"
            style="display: none;"
          >
            |
          </div>
          <div
            class="slider__item"
            style="display: none;"
          >
            |
          </div>
          <div
            class="slider__item"
            style="display: none;"
          >
            |
          </div>
          <div
            class="slider__item"
            style="display: none;"
          >
            |
          </div>
          <div
            class="slider__item"
            style="display: none;"
          >
            |
          </div>
          <div
            class="slider__item"
            style="display: none;"
          >
            |
          </div>
          <div
            class="slider__item"
            style="display: none;"
          >
            |
          </div>
          <div
            class="slider__item"
            style="display: none;"
          >
            |
          </div>
          <div
            class="slider__item"
            style="display: none;"
          >
            |
          </div>
          <div
            class="slider__item"
            style="display: none;"
          >
            |
          </div>
          <div
            class="slider__item"
            style="display: none;"
          >
            |
          </div>
          <div
            class="slider__item"
            style="display: none;"
          >
            |
          </div>
          
          
          <div
            class="slider__item"
          >
            |
            
            <span
              class="slider__item_centered slider__item_maximum slider__item_transformed"
            >
              100
            </span>
            
          
          </div>
          
        
        </div>
        <div
          class="slider__flags"
        >
          
      
          <span
            class="slider__flag-vertical slider__flag-vertical_minimum"
            style="top:0%"
          >
            0
          </span>
          
      
          <span
            class="slider__flag-vertical slider__flag-vertical_maximum"
            data-testid="flag-vertical-range"
            style="top:100%"
          >
            100
          </span>
          
    
        </div>
      </div>
      
    
      <div
        class="slider__inputs"
      >
        
      
        <div
          class="slider__input"
          data-testid="configuring-range"
        >
          
        
          <label
            class="slider__label"
            for="min"
          >
            Минимальное значение
          </label>
          
        
          <br />
          
        
          <input
            class="slider__min slider__number"
            data-name="min"
            id="min"
            type="number"
            value="0"
          />
          
      
        </div>
        
      
        <div
          class="slider__input"
        >
          
        
          <label
            class="slider__label"
            for="max"
          >
            Максимальное значение
          </label>
          
        
          <br />
          
        
          <input
            class="slider__max slider__number"
            data-name="max"
            id="max"
            type="number"
            value="100"
          />
          
      
        </div>
        
      
        <div
          class="slider__input"
        >
          
        
          <label
            class="slider__label"
            for="from"
          >
            От
          </label>
          
        
          <br />
          
        
          <input
            class="slider__from slider__number"
            data-name="from"
            id="from"
            readonly=""
            type="number"
            value="0"
          />
          
      
        </div>
        
      
        <div
          class="slider__input"
        >
          
        
          <label
            class="slider__label"
            for="to"
          >
            До
          </label>
          
        
          <br />
          
        
          <input
            class="slider__to slider__number"
            data-name="to"
            id="to"
            readonly=""
            type="number"
            value="100"
          />
          
      
        </div>
        
      
        <div
          class="slider__input"
        >
          
        
          <label
            class="slider__label"
            for="step"
          >
            Шаг
          </label>
          
        
          <br />
          
        
          <input
            class="slider__step slider__number"
            data-name="step"
            id="step"
            type="number"
            value="1"
          />
          
      
        </div>
        
      
        <div
          class="slider__input"
        >
          
        
          <input
            class="slider__view"
            data-name="view"
            id="horizontal.milk"
            name="view.milk"
            type="radio"
            value="horizontal"
          />
          
        
          <label
            for="horizontal.milk"
          >
            Горизонтальный
          </label>
          
        
          <input
            checked=""
            class="slider__view"
            data-name="view"
            id="vertical.milk"
            name="view.milk"
            type="radio"
            value="vertical"
          />
          
        
          <label
            for="vertical.milk"
          >
            Вертикальный
          </label>
          
      
        </div>
        
      
        <div
          class="slider__input"
        >
          
        
          <input
            class="slider__range"
            data-name="range"
            id="one.milk"
            name="range.milk"
            type="radio"
            value="one"
          />
          
        
          <label
            for="one.milk"
          >
            Одиночное значение
          </label>
          
        
          <input
            checked=""
            class="slider__range"
            data-name="range"
            id="range.milk"
            name="range.milk"
            type="radio"
            value="range"
          />
          
        
          <label
            for="range.milk"
          >
            Интервал
          </label>
          
      
        </div>
        
      
        <div
          class="slider__input"
        >
          
        
          <input
            checked=""
            class="slider__flag-checkbox"
            data-name="flag"
            id="flag.milk"
            type="checkbox"
          />
          
        
          <label
            for="flag.milk"
          >
            Значение
          </label>
          
      
        </div>
        
      
        <div
          class="slider__input"
        >
          
        
          <input
            checked=""
            class="slider__scale-checkbox"
            data-name="scale"
            id="scale.milk"
            type="checkbox"
          />
          
        
          <label
            for="scale.milk"
          >
            Шкала
          </label>
          
      
        </div>
        
    
      </div>
    </div>
  </div>
  
        
  <div
    class="two"
  >
    <div
      class="slider__wrapper"
    >
      
      
      <div
        class="slider__inner slider__inner_with-height"
        data-testid="slider-vertical-range"
      >
        
        
        <div
          class="slider__scale slider__scale_with-height"
        >
          
          
          <div
            class="slider__bar slider__bar_with-width"
            style="top:0%;height:100%"
          />
          
        
        </div>
        
        
        <div
          class="slider__toggle slider__toggle_vertical-minimum"
          style="top:0%"
        />
        
        
        <div
          class="slider__toggle slider__toggle_vertical-maximum"
          style="top:100%"
        />
        
      
      </div>
      
    
      <div
        class="slider__inputs"
      >
        
      
        <div
          class="slider__input"
          data-testid="configuring-range"
        >
          
        
          <label
            class="slider__label"
            for="min"
          >
            Минимальное значение
          </label>
          
        
          <br />
          
        
          <input
            class="slider__min slider__number"
            data-name="min"
            id="min"
            type="number"
            value="0"
          />
          
      
        </div>
        
      
        <div
          class="slider__input"
        >
          
        
          <label
            class="slider__label"
            for="max"
          >
            Максимальное значение
          </label>
          
        
          <br />
          
        
          <input
            class="slider__max slider__number"
            data-name="max"
            id="max"
            type="number"
            value="100"
          />
          
      
        </div>
        
      
        <div
          class="slider__input"
        >
          
        
          <label
            class="slider__label"
            for="from"
          >
            От
          </label>
          
        
          <br />
          
        
          <input
            class="slider__from slider__number"
            data-name="from"
            id="from"
            readonly=""
            type="number"
            value="0"
          />
          
      
        </div>
        
      
        <div
          class="slider__input"
        >
          
        
          <label
            class="slider__label"
            for="to"
          >
            До
          </label>
          
        
          <br />
          
        
          <input
            class="slider__to slider__number"
            data-name="to"
            id="to"
            readonly=""
            type="number"
            value="100"
          />
          
      
        </div>
        
      
        <div
          class="slider__input"
        >
          
        
          <label
            class="slider__label"
            for="step"
          >
            Шаг
          </label>
          
        
          <br />
          
        
          <input
            class="slider__step slider__number"
            data-name="step"
            id="step"
            type="number"
            value="1"
          />
          
      
        </div>
        
      
        <div
          class="slider__input"
        >
          
        
          <input
            class="slider__view"
            data-name="view"
            id="horizontal.two"
            name="view.two"
            type="radio"
            value="horizontal"
          />
          
        
          <label
            for="horizontal.two"
          >
            Горизонтальный
          </label>
          
        
          <input
            checked=""
            class="slider__view"
            data-name="view"
            id="vertical.two"
            name="view.two"
            type="radio"
            value="vertical"
          />
          
        
          <label
            for="vertical.two"
          >
            Вертикальный
          </label>
          
      
        </div>
        
      
        <div
          class="slider__input"
        >
          
        
          <input
            class="slider__range"
            data-name="range"
            id="one.two"
            name="range.two"
            type="radio"
            value="one"
          />
          
        
          <label
            for="one.two"
          >
            Одиночное значение
          </label>
          
        
          <input
            checked=""
            class="slider__range"
            data-name="range"
            id="range.two"
            name="range.two"
            type="radio"
            value="range"
          />
          
        
          <label
            for="range.two"
          >
            Интервал
          </label>
          
      
        </div>
        
      
        <div
          class="slider__input"
        >
          
        
          <input
            class="slider__flag-checkbox"
            data-name="flag"
            id="flag.two"
            type="checkbox"
          />
          
        
          <label
            for="flag.two"
          >
            Значение
          </label>
          
      
        </div>
        
      
        <div
          class="slider__input"
        >
          
        
          <input
            class="slider__scale-checkbox"
            data-name="scale"
            id="scale.two"
            type="checkbox"
          />
          
        
          <label
            for="scale.two"
          >
            Шкала
          </label>
          
      
        </div>
        
    
      </div>
    </div>
  </div>
  
      
    
  
</div>
`;
