// Jest Snapshot v1, https://goo.gl/fbAQLP

exports[`jest snapshots from element 1`] = `
<div
  class="slider__list slider__list_transformed"
>
  
          
  <div
    class="slider__item"
  >
    |
            
    <span
      class="slider__item_centered slider__item_maximum slider__item_transformed"
    >
      100
    </span>
    
          
  </div>
  
        
  <div
    class="slider__item"
  >
    |
  </div>
  <div
    class="slider__item"
  >
    |
  </div>
  <div
    class="slider__item"
  >
    |
  </div>
  <div
    class="slider__item"
  >
    |
  </div>
  <div
    class="slider__item"
  >
    |
  </div>
  <div
    class="slider__item"
  >
    |
  </div>
  <div
    class="slider__item"
  >
    |
  </div>
  <div
    class="slider__item"
  >
    |
  </div>
  <div
    class="slider__item"
  >
    |
  </div>
  <div
    class="slider__item"
  >
    |
  </div>
  <div
    class="slider__item"
  >
    |
  </div>
  <div
    class="slider__item"
  >
    |
  </div>
  <div
    class="slider__item"
  >
    |
  </div>
  <div
    class="slider__item"
  >
    |
  </div>
  <div
    class="slider__item"
  >
    |
  </div>
  <div
    class="slider__item"
  >
    |
  </div>
  <div
    class="slider__item"
  >
    |
  </div>
  <div
    class="slider__item"
  >
    |
  </div>
  <div
    class="slider__item"
  >
    |
  </div>
  <div
    class="slider__item"
  >
    |
  </div>
  <div
    class="slider__item"
  >
    |
  </div>
  <div
    class="slider__item"
  >
    |
  </div>
  <div
    class="slider__item"
  >
    |
  </div>
  <div
    class="slider__item"
  >
    |
  </div>
  <div
    class="slider__item"
  >
    |
  </div>
  <div
    class="slider__item"
  >
    |
  </div>
  <div
    class="slider__item"
  >
    |
  </div>
  <div
    class="slider__item"
  >
    |
  </div>
  <div
    class="slider__item"
  >
    |
  </div>
  <div
    class="slider__item"
  >
    |
  </div>
  <div
    class="slider__item"
  >
    |
  </div>
  <div
    class="slider__item"
  >
    |
  </div>
  <div
    class="slider__item"
  >
    |
  </div>
  <div
    class="slider__item"
  >
    |
  </div>
  <div
    class="slider__item"
  >
    |
  </div>
  <div
    class="slider__item"
  >
    |
  </div>
  <div
    class="slider__item"
  >
    |
  </div>
  <div
    class="slider__item"
  >
    |
  </div>
  <div
    class="slider__item"
  >
    |
  </div>
  <div
    class="slider__item"
  >
    |
  </div>
  <div
    class="slider__item"
  >
    |
  </div>
  <div
    class="slider__item"
  >
    |
  </div>
  <div
    class="slider__item"
  >
    |
  </div>
  <div
    class="slider__item"
  >
    |
  </div>
  <div
    class="slider__item"
  >
    |
  </div>
  <div
    class="slider__item"
  >
    |
  </div>
  <div
    class="slider__item"
  >
    |
  </div>
  <div
    class="slider__item"
  >
    |
  </div>
  <div
    class="slider__item"
  >
    |
  </div>
  <div
    class="slider__item"
  >
    |
  </div>
  <div
    class="slider__item"
  >
    |
  </div>
  <div
    class="slider__item"
  >
    |
  </div>
  <div
    class="slider__item"
  >
    |
  </div>
  <div
    class="slider__item"
  >
    |
  </div>
  <div
    class="slider__item"
  >
    |
  </div>
  <div
    class="slider__item"
  >
    |
  </div>
  <div
    class="slider__item"
  >
    |
  </div>
  <div
    class="slider__item"
  >
    |
  </div>
  <div
    class="slider__item"
  >
    |
  </div>
  <div
    class="slider__item"
  >
    |
  </div>
  <div
    class="slider__item"
  >
    |
  </div>
  <div
    class="slider__item"
  >
    |
  </div>
  <div
    class="slider__item"
  >
    |
  </div>
  <div
    class="slider__item"
  >
    |
  </div>
  <div
    class="slider__item"
  >
    |
  </div>
  <div
    class="slider__item"
  >
    |
  </div>
  <div
    class="slider__item"
  >
    |
  </div>
  <div
    class="slider__item"
  >
    |
  </div>
  <div
    class="slider__item"
  >
    |
  </div>
  <div
    class="slider__item"
  >
    |
  </div>
  <div
    class="slider__item"
  >
    |
  </div>
  <div
    class="slider__item"
  >
    |
  </div>
  <div
    class="slider__item"
  >
    |
  </div>
  <div
    class="slider__item"
  >
    |
  </div>
  <div
    class="slider__item"
  >
    |
  </div>
  <div
    class="slider__item"
  >
    |
  </div>
  <div
    class="slider__item"
  >
    |
  </div>
  <div
    class="slider__item"
  >
    |
  </div>
  <div
    class="slider__item"
  >
    |
  </div>
  <div
    class="slider__item"
  >
    |
  </div>
  <div
    class="slider__item"
  >
    |
  </div>
  <div
    class="slider__item"
  >
    |
  </div>
  <div
    class="slider__item"
  >
    |
  </div>
  <div
    class="slider__item"
  >
    |
  </div>
  <div
    class="slider__item"
  >
    |
  </div>
  <div
    class="slider__item"
  >
    |
  </div>
  <div
    class="slider__item"
  >
    |
  </div>
  <div
    class="slider__item"
  >
    |
  </div>
  <div
    class="slider__item"
  >
    |
  </div>
  <div
    class="slider__item"
  >
    |
  </div>
  <div
    class="slider__item"
  >
    |
  </div>
  <div
    class="slider__item"
  >
    |
  </div>
  <div
    class="slider__item"
  >
    |
  </div>
  <div
    class="slider__item"
  >
    |
  </div>
  <div
    class="slider__item"
  >
    |
  </div>
  <div
    class="slider__item"
  >
    |
  </div>
  <div
    class="slider__item"
  >
    |
  </div>
  <div
    class="slider__item"
  >
    |
  </div>
  <div
    class="slider__item"
  >
    |
  </div>
  
          
  <div
    class="slider__item"
    data-testid="scale-vertical"
  >
    |
            
    <span
      class="slider__item_centered slider__item_minimum slider__item_transformed"
    >
      0
    </span>
    
          
  </div>
  
        
</div>
`;

exports[`jest snapshots from new element 1`] = `
<div
  class="slider__list slider__list_transformed"
>
  
          
  <div
    class="slider__item"
  >
    |
            
    <span
      class="slider__item_centered slider__item_maximum slider__item_transformed"
    >
      100
    </span>
    
          
  </div>
  
        
  <div
    class="slider__item"
  >
    |
  </div>
  <div
    class="slider__item"
  >
    |
  </div>
  <div
    class="slider__item"
  >
    |
  </div>
  <div
    class="slider__item"
  >
    |
  </div>
  <div
    class="slider__item"
  >
    |
  </div>
  <div
    class="slider__item"
  >
    |
  </div>
  <div
    class="slider__item"
  >
    |
  </div>
  <div
    class="slider__item"
  >
    |
  </div>
  <div
    class="slider__item"
  >
    |
  </div>
  <div
    class="slider__item"
  >
    |
  </div>
  <div
    class="slider__item"
  >
    |
  </div>
  <div
    class="slider__item"
  >
    |
  </div>
  <div
    class="slider__item"
  >
    |
  </div>
  <div
    class="slider__item"
  >
    |
  </div>
  <div
    class="slider__item"
  >
    |
  </div>
  <div
    class="slider__item"
  >
    |
  </div>
  <div
    class="slider__item"
  >
    |
  </div>
  <div
    class="slider__item"
  >
    |
  </div>
  <div
    class="slider__item"
  >
    |
  </div>
  <div
    class="slider__item"
  >
    |
  </div>
  <div
    class="slider__item"
  >
    |
  </div>
  <div
    class="slider__item"
  >
    |
  </div>
  <div
    class="slider__item"
  >
    |
  </div>
  <div
    class="slider__item"
  >
    |
  </div>
  <div
    class="slider__item"
  >
    |
  </div>
  <div
    class="slider__item"
  >
    |
  </div>
  <div
    class="slider__item"
  >
    |
  </div>
  <div
    class="slider__item"
  >
    |
  </div>
  <div
    class="slider__item"
  >
    |
  </div>
  <div
    class="slider__item"
  >
    |
  </div>
  <div
    class="slider__item"
  >
    |
  </div>
  <div
    class="slider__item"
  >
    |
  </div>
  <div
    class="slider__item"
  >
    |
  </div>
  <div
    class="slider__item"
  >
    |
  </div>
  <div
    class="slider__item"
  >
    |
  </div>
  <div
    class="slider__item"
  >
    |
  </div>
  <div
    class="slider__item"
  >
    |
  </div>
  <div
    class="slider__item"
  >
    |
  </div>
  <div
    class="slider__item"
  >
    |
  </div>
  <div
    class="slider__item"
  >
    |
  </div>
  <div
    class="slider__item"
  >
    |
  </div>
  <div
    class="slider__item"
  >
    |
  </div>
  <div
    class="slider__item"
  >
    |
  </div>
  <div
    class="slider__item"
  >
    |
  </div>
  <div
    class="slider__item"
  >
    |
  </div>
  <div
    class="slider__item"
  >
    |
  </div>
  <div
    class="slider__item"
  >
    |
  </div>
  <div
    class="slider__item"
  >
    |
  </div>
  <div
    class="slider__item"
  >
    |
  </div>
  <div
    class="slider__item"
  >
    |
  </div>
  <div
    class="slider__item"
  >
    |
  </div>
  <div
    class="slider__item"
  >
    |
  </div>
  <div
    class="slider__item"
  >
    |
  </div>
  <div
    class="slider__item"
  >
    |
  </div>
  <div
    class="slider__item"
  >
    |
  </div>
  <div
    class="slider__item"
  >
    |
  </div>
  <div
    class="slider__item"
  >
    |
  </div>
  <div
    class="slider__item"
  >
    |
  </div>
  <div
    class="slider__item"
  >
    |
  </div>
  <div
    class="slider__item"
  >
    |
  </div>
  <div
    class="slider__item"
  >
    |
  </div>
  <div
    class="slider__item"
  >
    |
  </div>
  <div
    class="slider__item"
  >
    |
  </div>
  <div
    class="slider__item"
  >
    |
  </div>
  <div
    class="slider__item"
  >
    |
  </div>
  <div
    class="slider__item"
  >
    |
  </div>
  <div
    class="slider__item"
  >
    |
  </div>
  <div
    class="slider__item"
  >
    |
  </div>
  <div
    class="slider__item"
  >
    |
  </div>
  <div
    class="slider__item"
  >
    |
  </div>
  <div
    class="slider__item"
  >
    |
  </div>
  <div
    class="slider__item"
  >
    |
  </div>
  <div
    class="slider__item"
  >
    |
  </div>
  <div
    class="slider__item"
  >
    |
  </div>
  <div
    class="slider__item"
  >
    |
  </div>
  <div
    class="slider__item"
  >
    |
  </div>
  <div
    class="slider__item"
  >
    |
  </div>
  <div
    class="slider__item"
  >
    |
  </div>
  <div
    class="slider__item"
  >
    |
  </div>
  <div
    class="slider__item"
  >
    |
  </div>
  <div
    class="slider__item"
  >
    |
  </div>
  <div
    class="slider__item"
  >
    |
  </div>
  <div
    class="slider__item"
  >
    |
  </div>
  <div
    class="slider__item"
  >
    |
  </div>
  <div
    class="slider__item"
  >
    |
  </div>
  <div
    class="slider__item"
  >
    |
  </div>
  <div
    class="slider__item"
  >
    |
  </div>
  <div
    class="slider__item"
  >
    |
  </div>
  <div
    class="slider__item"
  >
    |
  </div>
  <div
    class="slider__item"
  >
    |
  </div>
  <div
    class="slider__item"
  >
    |
  </div>
  <div
    class="slider__item"
  >
    |
  </div>
  <div
    class="slider__item"
  >
    |
  </div>
  <div
    class="slider__item"
  >
    |
  </div>
  <div
    class="slider__item"
  >
    |
  </div>
  <div
    class="slider__item"
  >
    |
  </div>
  <div
    class="slider__item"
  >
    |
  </div>
  <div
    class="slider__item"
  >
    |
  </div>
  <div
    class="slider__item"
  >
    |
  </div>
  
          
  <div
    class="slider__item"
    data-testid="scale-vertical"
  >
    |
            
    <span
      class="slider__item_centered slider__item_minimum slider__item_transformed"
    >
      0
    </span>
    
          
  </div>
  
        
</div>
`;

exports[`jest snapshots from other element 1`] = `
<div
  class="slider__list slider__list_transformed"
>
  
          
  <div
    class="slider__item"
  >
    |
            
    <span
      class="slider__item_centered slider__item_maximum slider__item_transformed"
    >
      100
    </span>
    
          
  </div>
  
        
  <div
    class="slider__item"
  >
    |
  </div>
  <div
    class="slider__item"
  >
    |
  </div>
  <div
    class="slider__item"
  >
    |
  </div>
  <div
    class="slider__item"
  >
    |
  </div>
  <div
    class="slider__item"
  >
    |
  </div>
  <div
    class="slider__item"
  >
    |
  </div>
  <div
    class="slider__item"
  >
    |
  </div>
  <div
    class="slider__item"
  >
    |
  </div>
  <div
    class="slider__item"
  >
    |
  </div>
  <div
    class="slider__item"
  >
    |
  </div>
  <div
    class="slider__item"
  >
    |
  </div>
  <div
    class="slider__item"
  >
    |
  </div>
  <div
    class="slider__item"
  >
    |
  </div>
  <div
    class="slider__item"
  >
    |
  </div>
  <div
    class="slider__item"
  >
    |
  </div>
  <div
    class="slider__item"
  >
    |
  </div>
  <div
    class="slider__item"
  >
    |
  </div>
  <div
    class="slider__item"
  >
    |
  </div>
  <div
    class="slider__item"
  >
    |
  </div>
  <div
    class="slider__item"
  >
    |
  </div>
  <div
    class="slider__item"
  >
    |
  </div>
  <div
    class="slider__item"
  >
    |
  </div>
  <div
    class="slider__item"
  >
    |
  </div>
  <div
    class="slider__item"
  >
    |
  </div>
  <div
    class="slider__item"
  >
    |
  </div>
  <div
    class="slider__item"
  >
    |
  </div>
  <div
    class="slider__item"
  >
    |
  </div>
  <div
    class="slider__item"
  >
    |
  </div>
  <div
    class="slider__item"
  >
    |
  </div>
  <div
    class="slider__item"
  >
    |
  </div>
  <div
    class="slider__item"
  >
    |
  </div>
  <div
    class="slider__item"
  >
    |
  </div>
  <div
    class="slider__item"
  >
    |
  </div>
  <div
    class="slider__item"
  >
    |
  </div>
  <div
    class="slider__item"
  >
    |
  </div>
  <div
    class="slider__item"
  >
    |
  </div>
  <div
    class="slider__item"
  >
    |
  </div>
  <div
    class="slider__item"
  >
    |
  </div>
  <div
    class="slider__item"
  >
    |
  </div>
  <div
    class="slider__item"
  >
    |
  </div>
  <div
    class="slider__item"
  >
    |
  </div>
  <div
    class="slider__item"
  >
    |
  </div>
  <div
    class="slider__item"
  >
    |
  </div>
  <div
    class="slider__item"
  >
    |
  </div>
  <div
    class="slider__item"
  >
    |
  </div>
  <div
    class="slider__item"
  >
    |
  </div>
  <div
    class="slider__item"
  >
    |
  </div>
  <div
    class="slider__item"
  >
    |
  </div>
  <div
    class="slider__item"
  >
    |
  </div>
  
          
  <div
    class="slider__item"
    data-testid="scale-vertical"
  >
    |
            
    <span
      class="slider__item_centered slider__item_minimum slider__item_transformed"
    >
      1
    </span>
    
          
  </div>
  
        
</div>
`;
