// Jest Snapshot v1, https://goo.gl/fbAQLP

exports[`jest snapshots from element 1`] = `
<div
  class="slider__list"
>
  
          
  <div
    class="slider__item"
    data-testid="scale-horizontal"
  >
    |
            
    <span
      class="slider__item_centered slider__item_minimum"
    >
      0
    </span>
    
          
  </div>
  
        
  <div
    class="slider__item"
  >
    |
  </div>
  <div
    class="slider__item"
  >
    |
  </div>
  <div
    class="slider__item"
  >
    |
  </div>
  <div
    class="slider__item"
  >
    |
  </div>
  <div
    class="slider__item"
  >
    |
  </div>
  <div
    class="slider__item"
  >
    |
  </div>
  <div
    class="slider__item"
  >
    |
  </div>
  <div
    class="slider__item"
  >
    |
  </div>
  <div
    class="slider__item"
  >
    |
  </div>
  <div
    class="slider__item"
  >
    |
  </div>
  <div
    class="slider__item"
  >
    |
  </div>
  <div
    class="slider__item"
  >
    |
  </div>
  <div
    class="slider__item"
  >
    |
  </div>
  <div
    class="slider__item"
  >
    |
  </div>
  <div
    class="slider__item"
  >
    |
  </div>
  <div
    class="slider__item"
  >
    |
  </div>
  <div
    class="slider__item"
  >
    |
  </div>
  <div
    class="slider__item"
  >
    |
  </div>
  <div
    class="slider__item"
  >
    |
  </div>
  <div
    class="slider__item"
  >
    |
  </div>
  <div
    class="slider__item"
  >
    |
  </div>
  <div
    class="slider__item"
  >
    |
  </div>
  <div
    class="slider__item"
  >
    |
  </div>
  <div
    class="slider__item"
  >
    |
  </div>
  <div
    class="slider__item"
  >
    |
  </div>
  <div
    class="slider__item"
  >
    |
  </div>
  <div
    class="slider__item"
  >
    |
  </div>
  <div
    class="slider__item"
  >
    |
  </div>
  <div
    class="slider__item"
  >
    |
  </div>
  <div
    class="slider__item"
  >
    |
  </div>
  <div
    class="slider__item"
  >
    |
  </div>
  <div
    class="slider__item"
  >
    |
  </div>
  <div
    class="slider__item"
  >
    |
  </div>
  <div
    class="slider__item"
  >
    |
  </div>
  <div
    class="slider__item"
  >
    |
  </div>
  <div
    class="slider__item"
  >
    |
  </div>
  <div
    class="slider__item"
  >
    |
  </div>
  <div
    class="slider__item"
  >
    |
  </div>
  <div
    class="slider__item"
  >
    |
  </div>
  <div
    class="slider__item"
  >
    |
  </div>
  <div
    class="slider__item"
  >
    |
  </div>
  <div
    class="slider__item"
  >
    |
  </div>
  <div
    class="slider__item"
  >
    |
  </div>
  <div
    class="slider__item"
  >
    |
  </div>
  <div
    class="slider__item"
  >
    |
  </div>
  <div
    class="slider__item"
  >
    |
  </div>
  <div
    class="slider__item"
  >
    |
  </div>
  <div
    class="slider__item"
  >
    |
  </div>
  <div
    class="slider__item"
  >
    |
  </div>
  <div
    class="slider__item"
  >
    |
  </div>
  <div
    class="slider__item"
  >
    |
  </div>
  <div
    class="slider__item"
  >
    |
  </div>
  <div
    class="slider__item"
  >
    |
  </div>
  <div
    class="slider__item"
  >
    |
  </div>
  <div
    class="slider__item"
  >
    |
  </div>
  <div
    class="slider__item"
  >
    |
  </div>
  <div
    class="slider__item"
  >
    |
  </div>
  <div
    class="slider__item"
  >
    |
  </div>
  <div
    class="slider__item"
  >
    |
  </div>
  <div
    class="slider__item"
  >
    |
  </div>
  <div
    class="slider__item"
  >
    |
  </div>
  <div
    class="slider__item"
  >
    |
  </div>
  <div
    class="slider__item"
  >
    |
  </div>
  <div
    class="slider__item"
  >
    |
  </div>
  <div
    class="slider__item"
  >
    |
  </div>
  <div
    class="slider__item"
  >
    |
  </div>
  <div
    class="slider__item"
  >
    |
  </div>
  <div
    class="slider__item"
  >
    |
  </div>
  <div
    class="slider__item"
  >
    |
  </div>
  <div
    class="slider__item"
  >
    |
  </div>
  <div
    class="slider__item"
  >
    |
  </div>
  <div
    class="slider__item"
  >
    |
  </div>
  <div
    class="slider__item"
  >
    |
  </div>
  <div
    class="slider__item"
  >
    |
  </div>
  <div
    class="slider__item"
  >
    |
  </div>
  <div
    class="slider__item"
  >
    |
  </div>
  <div
    class="slider__item"
  >
    |
  </div>
  <div
    class="slider__item"
  >
    |
  </div>
  <div
    class="slider__item"
  >
    |
  </div>
  <div
    class="slider__item"
  >
    |
  </div>
  <div
    class="slider__item"
  >
    |
  </div>
  <div
    class="slider__item"
  >
    |
  </div>
  <div
    class="slider__item"
  >
    |
  </div>
  <div
    class="slider__item"
  >
    |
  </div>
  <div
    class="slider__item"
  >
    |
  </div>
  <div
    class="slider__item"
  >
    |
  </div>
  <div
    class="slider__item"
  >
    |
  </div>
  <div
    class="slider__item"
  >
    |
  </div>
  <div
    class="slider__item"
  >
    |
  </div>
  <div
    class="slider__item"
  >
    |
  </div>
  <div
    class="slider__item"
  >
    |
  </div>
  <div
    class="slider__item"
  >
    |
  </div>
  <div
    class="slider__item"
  >
    |
  </div>
  <div
    class="slider__item"
  >
    |
  </div>
  <div
    class="slider__item"
  >
    |
  </div>
  <div
    class="slider__item"
  >
    |
  </div>
  <div
    class="slider__item"
  >
    |
  </div>
  <div
    class="slider__item"
  >
    |
  </div>
  <div
    class="slider__item"
  >
    |
  </div>
  
          
  <div
    class="slider__item"
  >
    |
            
    <span
      class="slider__item_centered slider__item_maximum"
    >
      100
    </span>
    
          
  </div>
  
        
</div>
`;

exports[`jest snapshots from new element 1`] = `
<div
  class="slider__list"
>
  
          
  <div
    class="slider__item"
    data-testid="scale-horizontal"
  >
    |
            
    <span
      class="slider__item_centered slider__item_minimum"
    >
      0
    </span>
    
          
  </div>
  
        
  <div
    class="slider__item"
  >
    |
  </div>
  <div
    class="slider__item"
  >
    |
  </div>
  <div
    class="slider__item"
  >
    |
  </div>
  <div
    class="slider__item"
  >
    |
  </div>
  <div
    class="slider__item"
  >
    |
  </div>
  <div
    class="slider__item"
  >
    |
  </div>
  <div
    class="slider__item"
  >
    |
  </div>
  <div
    class="slider__item"
  >
    |
  </div>
  <div
    class="slider__item"
  >
    |
  </div>
  <div
    class="slider__item"
  >
    |
  </div>
  <div
    class="slider__item"
  >
    |
  </div>
  <div
    class="slider__item"
  >
    |
  </div>
  <div
    class="slider__item"
  >
    |
  </div>
  <div
    class="slider__item"
  >
    |
  </div>
  <div
    class="slider__item"
  >
    |
  </div>
  <div
    class="slider__item"
  >
    |
  </div>
  <div
    class="slider__item"
  >
    |
  </div>
  <div
    class="slider__item"
  >
    |
  </div>
  <div
    class="slider__item"
  >
    |
  </div>
  <div
    class="slider__item"
  >
    |
  </div>
  <div
    class="slider__item"
  >
    |
  </div>
  <div
    class="slider__item"
  >
    |
  </div>
  <div
    class="slider__item"
  >
    |
  </div>
  <div
    class="slider__item"
  >
    |
  </div>
  <div
    class="slider__item"
  >
    |
  </div>
  <div
    class="slider__item"
  >
    |
  </div>
  <div
    class="slider__item"
  >
    |
  </div>
  <div
    class="slider__item"
  >
    |
  </div>
  <div
    class="slider__item"
  >
    |
  </div>
  <div
    class="slider__item"
  >
    |
  </div>
  <div
    class="slider__item"
  >
    |
  </div>
  <div
    class="slider__item"
  >
    |
  </div>
  <div
    class="slider__item"
  >
    |
  </div>
  <div
    class="slider__item"
  >
    |
  </div>
  <div
    class="slider__item"
  >
    |
  </div>
  <div
    class="slider__item"
  >
    |
  </div>
  <div
    class="slider__item"
  >
    |
  </div>
  <div
    class="slider__item"
  >
    |
  </div>
  <div
    class="slider__item"
  >
    |
  </div>
  <div
    class="slider__item"
  >
    |
  </div>
  <div
    class="slider__item"
  >
    |
  </div>
  <div
    class="slider__item"
  >
    |
  </div>
  <div
    class="slider__item"
  >
    |
  </div>
  <div
    class="slider__item"
  >
    |
  </div>
  <div
    class="slider__item"
  >
    |
  </div>
  <div
    class="slider__item"
  >
    |
  </div>
  <div
    class="slider__item"
  >
    |
  </div>
  <div
    class="slider__item"
  >
    |
  </div>
  <div
    class="slider__item"
  >
    |
  </div>
  <div
    class="slider__item"
  >
    |
  </div>
  <div
    class="slider__item"
  >
    |
  </div>
  <div
    class="slider__item"
  >
    |
  </div>
  <div
    class="slider__item"
  >
    |
  </div>
  <div
    class="slider__item"
  >
    |
  </div>
  <div
    class="slider__item"
  >
    |
  </div>
  <div
    class="slider__item"
  >
    |
  </div>
  <div
    class="slider__item"
  >
    |
  </div>
  <div
    class="slider__item"
  >
    |
  </div>
  <div
    class="slider__item"
  >
    |
  </div>
  <div
    class="slider__item"
  >
    |
  </div>
  <div
    class="slider__item"
  >
    |
  </div>
  <div
    class="slider__item"
  >
    |
  </div>
  <div
    class="slider__item"
  >
    |
  </div>
  <div
    class="slider__item"
  >
    |
  </div>
  <div
    class="slider__item"
  >
    |
  </div>
  <div
    class="slider__item"
  >
    |
  </div>
  <div
    class="slider__item"
  >
    |
  </div>
  <div
    class="slider__item"
  >
    |
  </div>
  <div
    class="slider__item"
  >
    |
  </div>
  <div
    class="slider__item"
  >
    |
  </div>
  <div
    class="slider__item"
  >
    |
  </div>
  <div
    class="slider__item"
  >
    |
  </div>
  <div
    class="slider__item"
  >
    |
  </div>
  <div
    class="slider__item"
  >
    |
  </div>
  <div
    class="slider__item"
  >
    |
  </div>
  <div
    class="slider__item"
  >
    |
  </div>
  <div
    class="slider__item"
  >
    |
  </div>
  <div
    class="slider__item"
  >
    |
  </div>
  <div
    class="slider__item"
  >
    |
  </div>
  <div
    class="slider__item"
  >
    |
  </div>
  <div
    class="slider__item"
  >
    |
  </div>
  <div
    class="slider__item"
  >
    |
  </div>
  <div
    class="slider__item"
  >
    |
  </div>
  <div
    class="slider__item"
  >
    |
  </div>
  <div
    class="slider__item"
  >
    |
  </div>
  <div
    class="slider__item"
  >
    |
  </div>
  <div
    class="slider__item"
  >
    |
  </div>
  <div
    class="slider__item"
  >
    |
  </div>
  <div
    class="slider__item"
  >
    |
  </div>
  <div
    class="slider__item"
  >
    |
  </div>
  <div
    class="slider__item"
  >
    |
  </div>
  <div
    class="slider__item"
  >
    |
  </div>
  <div
    class="slider__item"
  >
    |
  </div>
  <div
    class="slider__item"
  >
    |
  </div>
  <div
    class="slider__item"
  >
    |
  </div>
  <div
    class="slider__item"
  >
    |
  </div>
  <div
    class="slider__item"
  >
    |
  </div>
  <div
    class="slider__item"
  >
    |
  </div>
  <div
    class="slider__item"
  >
    |
  </div>
  
          
  <div
    class="slider__item"
  >
    |
            
    <span
      class="slider__item_centered slider__item_maximum"
    >
      100
    </span>
    
          
  </div>
  
        
</div>
`;

exports[`jest snapshots from other element 1`] = `
<div
  class="slider__list"
>
  
          
  <div
    class="slider__item"
    data-testid="scale-horizontal"
  >
    |
            
    <span
      class="slider__item_centered slider__item_minimum"
    >
      1
    </span>
    
          
  </div>
  
        
  <div
    class="slider__item"
  >
    |
  </div>
  <div
    class="slider__item"
  >
    |
  </div>
  <div
    class="slider__item"
  >
    |
  </div>
  <div
    class="slider__item"
  >
    |
  </div>
  <div
    class="slider__item"
  >
    |
  </div>
  <div
    class="slider__item"
  >
    |
  </div>
  <div
    class="slider__item"
  >
    |
  </div>
  <div
    class="slider__item"
  >
    |
  </div>
  <div
    class="slider__item"
  >
    |
  </div>
  <div
    class="slider__item"
  >
    |
  </div>
  <div
    class="slider__item"
  >
    |
  </div>
  <div
    class="slider__item"
  >
    |
  </div>
  <div
    class="slider__item"
  >
    |
  </div>
  <div
    class="slider__item"
  >
    |
  </div>
  <div
    class="slider__item"
  >
    |
  </div>
  <div
    class="slider__item"
  >
    |
  </div>
  <div
    class="slider__item"
  >
    |
  </div>
  <div
    class="slider__item"
  >
    |
  </div>
  <div
    class="slider__item"
  >
    |
  </div>
  <div
    class="slider__item"
  >
    |
  </div>
  <div
    class="slider__item"
  >
    |
  </div>
  <div
    class="slider__item"
  >
    |
  </div>
  <div
    class="slider__item"
  >
    |
  </div>
  <div
    class="slider__item"
  >
    |
  </div>
  <div
    class="slider__item"
  >
    |
  </div>
  <div
    class="slider__item"
  >
    |
  </div>
  <div
    class="slider__item"
  >
    |
  </div>
  <div
    class="slider__item"
  >
    |
  </div>
  <div
    class="slider__item"
  >
    |
  </div>
  <div
    class="slider__item"
  >
    |
  </div>
  <div
    class="slider__item"
  >
    |
  </div>
  <div
    class="slider__item"
  >
    |
  </div>
  <div
    class="slider__item"
  >
    |
  </div>
  <div
    class="slider__item"
  >
    |
  </div>
  <div
    class="slider__item"
  >
    |
  </div>
  <div
    class="slider__item"
  >
    |
  </div>
  <div
    class="slider__item"
  >
    |
  </div>
  <div
    class="slider__item"
  >
    |
  </div>
  <div
    class="slider__item"
  >
    |
  </div>
  <div
    class="slider__item"
  >
    |
  </div>
  <div
    class="slider__item"
  >
    |
  </div>
  <div
    class="slider__item"
  >
    |
  </div>
  <div
    class="slider__item"
  >
    |
  </div>
  <div
    class="slider__item"
  >
    |
  </div>
  <div
    class="slider__item"
  >
    |
  </div>
  <div
    class="slider__item"
  >
    |
  </div>
  <div
    class="slider__item"
  >
    |
  </div>
  <div
    class="slider__item"
  >
    |
  </div>
  <div
    class="slider__item"
  >
    |
  </div>
  
          
  <div
    class="slider__item"
  >
    |
            
    <span
      class="slider__item_centered slider__item_maximum"
    >
      100
    </span>
    
          
  </div>
  
        
</div>
`;
