// Jest Snapshot v1, https://goo.gl/fbAQLP

exports[`jest snapshots 1`] = `
<div
  class="slider__flags"
>
  
      
  <span
    class="slider__flag-vertical slider__flag-vertical--min"
    style="top:0%"
  >
    0
  </span>
  
      
  <span
    class="slider__flag-vertical slider__flag-vertical--max"
    data-testid="flagVerticalRange"
    style="top:100%"
  >
    100
  </span>
  
    
</div>
`;
