// Jest Snapshot v1, https://goo.gl/fbAQLP

exports[`jest snapshots from element 1`] = `
<div
  class="slider__flags"
>
  
      
  <span
    class="slider__flag slider__flag_maximum"
    data-testid="flag-horizontal"
    style="left:100%"
  >
    100
  </span>
  
    
</div>
`;

exports[`jest snapshots from new element 1`] = `
<div
  class="slider__flags"
>
  
      
  <span
    class="slider__flag slider__flag_maximum"
    data-testid="flag-horizontal"
    style="left:100%"
  >
    100
  </span>
  
    
</div>
`;

exports[`jest snapshots from other element 1`] = `
<div
  class="slider__flags"
>
  
      
  <span
    class="slider__flag slider__flag_maximum"
    data-testid="flag-horizontal"
    style="left:100%"
  >
    100
  </span>
  
    
</div>
`;
