// Jest Snapshot v1, https://goo.gl/fbAQLP

exports[`jest snapshots 1`] = `
<div
  class="slider__wrapper"
>
  
      
  <div
    class="slider__inner slider__inner--height"
    data-testid="sliderVerticalRange"
  >
    
        
    <div
      class="slider__scale slider__scale--vertical"
    >
      
          
      <div
        class="slider__bar slider__bar--vertical-range"
        style="top:0%;height:100%"
      />
      
        
    </div>
    
        
    <div
      class="slider__toggle-vertical slider__toggle-vertical--v-min"
      style="top:0%"
    />
    
        
    <div
      class="slider__toggle-vertical slider__toggle-vertical--v-max"
      style="top:100%"
    />
    
      
  </div>
  
    
</div>
`;
